<?xml version="1.0" encoding="utf-8"?><testsuites name="pytest tests"><testsuite name="pytest" errors="0" failures="0" skipped="6" tests="42" time="6.704" timestamp="2026-08-27T11:19:18.770134+07:00" hostname="DESKTOP-T28I110"><testcase classname="tests.test_cache" name="test_exact_match_returns_hit" time="0.002" /><testcase classname="tests.test_cache" name="test_similar_query_returns_hit" time="0.001" /><testcase classname="tests.test_cache" name="test_dissimilar_query_returns_miss" time="0.001" /><testcase classname="tests.test_cache" name="test_ttl_expiry" time="1.103" /><testcase classname="tests.test_cache" name="test_privacy_query_bypasses_cache" time="0.002" /><testcase classname="tests.test_cache" name="test_privacy_query_not_stored" time="0.001" /><testcase classname="tests.test_cache" name="test_false_hit_detection_different_years" time="0.002" /><testcase classname="tests.test_cache" name="test_same_year_not_flagged_as_false_hit" time="0.002" /><testcase classname="tests.test_cache" name="test_ngram_similarity_scores" time="0.002" /><testcase classname="tests.test_circuit_breaker" name="test_starts_closed" time="0.001" /><testcase classname="tests.test_circuit_breaker" name="test_opens_after_failure_threshold" time="0.002" /><testcase classname="tests.test_circuit_breaker" name="test_does_not_open_below_threshold" time="0.001" /><testcase classname="tests.test_circuit_breaker" name="test_success_resets_failure_count" time="0.001" /><testcase classname="tests.test_circuit_breaker" name="test_open_transitions_to_half_open_after_timeout" time="0.152" /><testcase classname="tests.test_circuit_breaker" name="test_half_open_closes_on_success" time="0.153" /><testcase classname="tests.test_circuit_breaker" name="test_half_open_reopens_on_failure" time="0.153" /><testcase classname="tests.test_circuit_breaker" name="test_call_raises_circuit_open_error" time="0.002" /><testcase classname="tests.test_circuit_breaker" name="test_call_records_success_and_failure" time="0.002" /><testcase classname="tests.test_circuit_breaker" name="test_transition_log_records_state_changes" time="0.001" /><testcase classname="tests.test_circuit_breaker" name="test_no_duplicate_transitions" time="0.001" /><testcase classname="tests.test_circuit_breaker" name="test_success_threshold_greater_than_one" time="0.102" /><testcase classname="tests.test_config" name="test_default_config_loads" time="0.012" /><testcase classname="tests.test_config" name="test_scenarios_loaded" time="0.009" /><testcase classname="tests.test_gateway_contract" name="test_gateway_returns_response_with_route_reason" time="0.011" /><testcase classname="tests.test_gateway_contract" name="test_gateway_falls_back_when_primary_fails" time="0.029" /><testcase classname="tests.test_gateway_contract" name="test_gateway_returns_static_fallback_when_all_fail" time="0.096" /><testcase classname="tests.test_gateway_contract" name="test_gateway_uses_cache" time="0.056" /><testcase classname="tests.test_metrics" name="test_percentile" time="0.002" /><testcase classname="tests.test_metrics" name="test_report_dict_contains_required_metrics" time="0.013" /><testcase classname="tests.test_redis_cache" name="test_redis_connection" time="0.001"><skipped type="pytest.skip" message="Redis not running — start with: docker compose up -d">D:\Lab_VinUni\day251\K3-Day25-Track3-2A202601807-HoangTuanTrung\tests\test_redis_cache.py:46: Redis not running — start with: docker compose up -d</skipped></testcase><testcase classname="tests.test_redis_cache" name="test_set_and_exact_get" time="0.001"><skipped type="pytest.skip" message="Redis not running — start with: docker compose up -d">D:\Lab_VinUni\day251\K3-Day25-Track3-2A202601807-HoangTuanTrung\tests\test_redis_cache.py:51: Redis not running — start with: docker compose up -d</skipped></testcase><testcase classname="tests.test_redis_cache" name="test_ttl_expiry" time="0.001"><skipped type="pytest.skip" message="Redis not running — start with: docker compose up -d">D:\Lab_VinUni\day251\K3-Day25-Track3-2A202601807-HoangTuanTrung\tests\test_redis_cache.py:58: Redis not running — start with: docker compose up -d</skipped></testcase><testcase classname="tests.test_redis_cache" name="test_shared_state_across_instances" time="0.001"><skipped type="pytest.skip" message="Redis not running — start with: docker compose up -d">D:\Lab_VinUni\day251\K3-Day25-Track3-2A202601807-HoangTuanTrung\tests\test_redis_cache.py:74: Redis not running — start with: docker compose up -d</skipped></testcase><testcase classname="tests.test_redis_cache" name="test_privacy_query_not_cached" time="0.001"><skipped type="pytest.skip" message="Redis not running — start with: docker compose up -d">D:\Lab_VinUni\day251\K3-Day25-Track3-2A202601807-HoangTuanTrung\tests\test_redis_cache.py:97: Redis not running — start with: docker compose up -d</skipped></testcase><testcase classname="tests.test_redis_cache" name="test_false_hit_different_years" time="0.001"><skipped type="pytest.skip" message="Redis not running — start with: docker compose up -d">D:\Lab_VinUni\day251\K3-Day25-Track3-2A202601807-HoangTuanTrung\tests\test_redis_cache.py:103: Redis not running — start with: docker compose up -d</skipped></testcase><testcase classname="tests.test_todo_requirements" name="test_similarity_uses_ngrams_not_jaccard" time="0.002" /><testcase classname="tests.test_todo_requirements" name="test_semantic_cache_should_not_false_hit_different_intent" time="0.001" /><testcase classname="tests.test_todo_requirements" name="test_privacy_queries_never_cached" time="0.001" /><testcase classname="tests.test_todo_requirements" name="test_circuit_breaker_denies_when_open" time="0.001" /><testcase classname="tests.test_todo_requirements" name="test_half_open_failure_gives_probe_failure_reason" time="0.001" /><testcase classname="tests.test_todo_requirements" name="test_gateway_routes_through_providers" time="0.043" /><testcase classname="tests.test_todo_requirements" name="test_metrics_csv_export" time="0.039" /></testsuite></testsuites>